AT_Esp8266.c:10:6:ESP_SendCommand	120	static
AT_Esp8266.c:18:6:ESP_SetIP	72	static
AT_Esp8266.c:33:6:ESP_Init	80	static
AT_Esp8266.c:55:6:ESP_WifiConnect	120	static
AT_Esp8266.c:67:6:ESP_SoftAPCreate	120	static
AT_Esp8266.c:75:19:ESP_CheckWifiConnect	8	static
AT_Esp8266.c:89:6:ESP_TCP_CreateServer	64	static
AT_Esp8266.c:106:6:ESP_SendData	72	static
AT_Esp8266.c:117:6:ESP_CloseServer	8	static
AT_Esp8266.c:122:6:ESP_CloseConnect	64	static
AT_Esp8266.c:133:6:ESP_UDP_CreateTransparentMode	128	static
AT_Esp8266.c:160:6:ESP_TransparentSend	24	static
AT_Esp8266.c:166:6:ESP_CloseTransparent	16	static
AT_Esp8266.c:178:6:ESP_TCP_CreateTransparentMode	120	static
